src/components/ui/AnimatedButton.tsx(33,24): error TS2352: Conversion of type '(<Props, TagName extends string = "div">(Component: string | TagName | ComponentType<Props>, { forwardMotionProps }?: { forwardMotionProps: boolean; } | undefined) => TagName extends "symbol" | ... 54 more ... | "textPath" ? DOMMotionComponents[TagName] : ComponentType<...>) & HTMLMotionComponents & SVGMotionCompone...' to type 'Record<string, ComponentType<MotionProps & HTMLAttributes<HTMLElement>>>' may be a mistake because neither type sufficiently overlaps with the other. If this was intentional, convert the expression to 'unknown' first.
  Index signature for type 'string' is missing in type '(<Props, TagName extends string = "div">(Component: string | TagName | ComponentType<Props>, { forwardMotionProps }?: { forwardMotionProps: boolean; } | undefined) => TagName extends "symbol" | ... 54 more ... | "textPath" ? DOMMotionComponents[TagName] : ComponentType<...>) & HTMLMotionComponents & SVGMotionCompone...'.
src/components/ui/AnimatedButton.tsx(60,13): error TS2590: Expression produces a union type that is too complex to represent.
src/components/ui/AnimatedButton.tsx(68,17): error TS2322: Type 'CSSProperties' is not assignable to type 'boolean | MakeCustomValueType<TargetProperties> | VariantLabels | undefined'.
  Type 'Properties<string | number, string & {}>' is missing the following properties from type 'string[]': length, pop, push, concat, and 26 more.
src/components/ui/AnimatedButton.tsx(69,17): error TS2322: Type 'CSSProperties' is not assignable to type 'boolean | VariantLabels | AnimationControls | TargetAndTransition | undefined'.
  Type 'Properties<string | number, string & {}>' is missing the following properties from type 'string[]': length, pop, push, concat, and 26 more.
src/sections/Team.tsx(24,93): error TS2353: Object literal may only specify known properties, and 'twitter' does not exist in type '{ name: string; role: string; dept: string; github?: string | undefined; linkedin?: string | undefined; avatar: string; }'.
src/sections/Team.tsx(39,91): error TS2353: Object literal may only specify known properties, and 'twitter' does not exist in type '{ name: string; role: string; dept: string; github?: string | undefined; linkedin?: string | undefined; avatar: string; }'.
